Total lessons for course 5: 15
Completed lessons for user 4, course 5: 15
Calculated course progress for user 4, course 5: 100%
Updating enrollment: Array
(
    [user_id] => 4
    [course_id] => 5
    [enrollment_date] => 2025-04-04 05:59:22
    [status] => completed
    [progress] => 100
)

Enrollment updated successfully for user_id: 4, course_id: 5
Total lessons for course 5: 15
Completed lessons for user 4, course 5: 15
Calculated course progress for user 4, course 5: 100%
Updating enrollment: Array
(
    [user_id] => 4
    [course_id] => 5
    [enrollment_date] => 2025-04-04 06:01:42
    [status] => completed
    [progress] => 100
)

Enrollment updated successfully for user_id: 4, course_id: 5
Received data: Array
(
    [user_id] => 4
    [lesson_id] => 1
    [progress] => 5.1786628797158
    [completed] => 
)

Received data: Array
(
    [user_id] => 4
    [lesson_id] => 1
    [progress] => 5.1786628797158
    [completed] => 
)

Progress updated successfully for user_id: 4, lesson_id: 1
Progress updated successfully for user_id: 4, lesson_id: 1
Total lessons for course 5: 15
Completed lessons for user 4, course 5: 15
Calculated course progress for user 4, course 5: 100%
Updating enrollment: Array
(
    [user_id] => 4
    [course_id] => 5
    [enrollment_date] => 2025-04-04 06:04:56
    [status] => completed
    [progress] => 100
)

Enrollment updated successfully for user_id: 4, course_id: 5
Total lessons for course 5: 15
Completed lessons for user 4, course 5: 15
Calculated course progress for user 4, course 5: 100%
Updating enrollment: Array
(
    [user_id] => 4
    [course_id] => 5
    [enrollment_date] => 2025-04-04 06:06:16
    [status] => completed
    [progress] => 100
)

Enrollment updated successfully for user_id: 4, course_id: 5
Received data: Array
(
    [user_id] => 4
    [lesson_id] => 1
    [progress] => 5.4336887189268
    [completed] => 
)

Received data: Array
(
    [user_id] => 4
    [lesson_id] => 1
    [progress] => 5.4336887189268
    [completed] => 
)

Progress updated successfully for user_id: 4, lesson_id: 1
Progress updated successfully for user_id: 4, lesson_id: 1
Received data: Array
(
    [user_id] => 4
    [lesson_id] => 1
    [progress] => 10.558748184588
    [completed] => 
)

Received data: Array
(
    [user_id] => 4
    [lesson_id] => 1
    [progress] => 10.558748184588
    [completed] => 
)

Progress updated successfully for user_id: 4, lesson_id: 1
Progress updated successfully for user_id: 4, lesson_id: 1
Received data: Array
(
    [user_id] => 4
    [lesson_id] => 1
    [progress] => 15.687902530846
    [completed] => 
)

Received data: Array
(
    [user_id] => 4
    [lesson_id] => 1
    [progress] => 15.687902530846
    [completed] => 
)

Progress updated successfully for user_id: 4, lesson_id: 1
Progress updated successfully for user_id: 4, lesson_id: 1
Received data: Array
(
    [user_id] => 4
    [lesson_id] => 1
    [progress] => 20.819528134703
    [completed] => 
)

Received data: Array
(
    [user_id] => 4
    [lesson_id] => 1
    [progress] => 20.819528134703
    [completed] => 
)

Progress updated successfully for user_id: 4, lesson_id: 1
Progress updated successfully for user_id: 4, lesson_id: 1
Received data: Array
(
    [user_id] => 4
    [lesson_id] => 1
    [progress] => 25.948912318452
    [completed] => 
)

Received data: Array
(
    [user_id] => 4
    [lesson_id] => 1
    [progress] => 25.948912318452
    [completed] => 
)

Progress updated successfully for user_id: 4, lesson_id: 1
Progress updated successfully for user_id: 4, lesson_id: 1
Received data: Array
(
    [user_id] => 4
    [lesson_id] => 1
    [progress] => 31.070868685671
    [completed] => 
)

Received data: Array
(
    [user_id] => 4
    [lesson_id] => 1
    [progress] => 31.070868685671
    [completed] => 
)

Progress updated successfully for user_id: 4, lesson_id: 1
Progress updated successfully for user_id: 4, lesson_id: 1
Total lessons for course 5: 15
Completed lessons for user 4, course 5: 14
Calculated course progress for user 4, course 5: 93.333333333333%
Updating enrollment: Array
(
    [user_id] => 4
    [course_id] => 5
    [enrollment_date] => 2025-04-04 06:07:45
    [status] => in-progress
    [progress] => 93
)

Enrollment updated successfully for user_id: 4, course_id: 5
Total lessons for course 5: 15
Completed lessons for user 2, course 5: 8
Calculated course progress for user 2, course 5: 53.333333333333%
Updating enrollment: Array
(
    [user_id] => 2
    [course_id] => 5
    [enrollment_date] => 2025-04-04 06:33:12
    [status] => in-progress
    [progress] => 53
)

Enrollment updated successfully for user_id: 2, course_id: 5
Total lessons for course 5: 15
Completed lessons for user 2, course 5: 8
Calculated course progress for user 2, course 5: 53.333333333333%
Updating enrollment: Array
(
    [user_id] => 2
    [course_id] => 5
    [enrollment_date] => 2025-04-04 06:34:05
    [status] => in-progress
    [progress] => 53
)

Enrollment updated successfully for user_id: 2, course_id: 5
Total lessons for course 5: 15
Completed lessons for user 2, course 5: 8
Calculated course progress for user 2, course 5: 53.333333333333%
Updating enrollment: Array
(
    [user_id] => 2
    [course_id] => 5
    [enrollment_date] => 2025-04-04 06:38:18
    [status] => in-progress
    [progress] => 53
)

Enrollment updated successfully for user_id: 2, course_id: 5
Total lessons for course 5: 15
Completed lessons for user 2, course 5: 8
Calculated course progress for user 2, course 5: 53.333333333333%
Updating enrollment: Array
(
    [user_id] => 2
    [course_id] => 5
    [enrollment_date] => 2025-04-04 06:38:48
    [status] => in-progress
    [progress] => 53
)

Enrollment updated successfully for user_id: 2, course_id: 5
Total lessons for course 5: 15
Completed lessons for user 2, course 5: 8
Calculated course progress for user 2, course 5: 53.333333333333%
Updating enrollment: Array
(
    [user_id] => 2
    [course_id] => 5
    [enrollment_date] => 2025-04-04 06:38:53
    [status] => in-progress
    [progress] => 53
)

Enrollment updated successfully for user_id: 2, course_id: 5
Total lessons for course 5: 15
Completed lessons for user 2, course 5: 8
Calculated course progress for user 2, course 5: 53.333333333333%
Updating enrollment: Array
(
    [user_id] => 2
    [course_id] => 5
    [enrollment_date] => 2025-04-04 06:38:59
    [status] => in-progress
    [progress] => 53
)

Enrollment updated successfully for user_id: 2, course_id: 5
Total lessons for course 5: 15
Completed lessons for user 2, course 5: 8
Calculated course progress for user 2, course 5: 53.333333333333%
Updating enrollment: Array
(
    [user_id] => 2
    [course_id] => 5
    [enrollment_date] => 2025-04-04 06:39:30
    [status] => in-progress
    [progress] => 53
)

Enrollment updated successfully for user_id: 2, course_id: 5
Total lessons for course 5: 15
Completed lessons for user 2, course 5: 8
Calculated course progress for user 2, course 5: 53.333333333333%
Updating enrollment: Array
(
    [user_id] => 2
    [course_id] => 5
    [enrollment_date] => 2025-04-04 06:39:33
    [status] => in-progress
    [progress] => 53
)

Enrollment updated successfully for user_id: 2, course_id: 5
Total lessons for course 16: 7
Completed lessons for user 8, course 16: 0
Calculated course progress for user 8, course 16: 0%
Updating enrollment: Array
(
    [user_id] => 8
    [course_id] => 16
    [enrollment_date] => 2025-04-04 07:09:28
    [status] => enrolled
    [progress] => 0
)

Enrollment updated successfully for user_id: 8, course_id: 16
Total lessons for course 16: 7
Completed lessons for user 8, course 16: 0
Calculated course progress for user 8, course 16: 0%
Updating enrollment: Array
(
    [user_id] => 8
    [course_id] => 16
    [enrollment_date] => 2025-04-04 07:09:28
    [status] => enrolled
    [progress] => 0
)

Enrollment updated successfully for user_id: 8, course_id: 16
Total lessons for course 16: 7
Completed lessons for user 8, course 16: 0
Calculated course progress for user 8, course 16: 0%
Updating enrollment: Array
(
    [user_id] => 8
    [course_id] => 16
    [enrollment_date] => 2025-04-04 07:13:08
    [status] => enrolled
    [progress] => 0
)

Enrollment updated successfully for user_id: 8, course_id: 16
Received data: Array
(
    [user_id] => 8
    [lesson_id] => 16
    [progress] => 47.52841910817
    [completed] => 
)

Received data: Array
(
    [user_id] => 8
    [lesson_id] => 16
    [progress] => 47.52841910817
    [completed] => 
)

Progress updated successfully for user_id: 8, lesson_id: 16
Progress updated successfully for user_id: 8, lesson_id: 16
Total lessons for course 16: 7
Completed lessons for user 8, course 16: 0
Calculated course progress for user 8, course 16: 0%
Updating enrollment: Array
(
    [user_id] => 8
    [course_id] => 16
    [enrollment_date] => 2025-04-04 07:14:04
    [status] => enrolled
    [progress] => 0
)

Enrollment updated successfully for user_id: 8, course_id: 16
Total lessons for course 16: 7
Completed lessons for user 8, course 16: 0
Calculated course progress for user 8, course 16: 0%
Updating enrollment: Array
(
    [user_id] => 8
    [course_id] => 16
    [enrollment_date] => 2025-04-04 07:14:16
    [status] => enrolled
    [progress] => 0
)

Enrollment updated successfully for user_id: 8, course_id: 16
Total lessons for course 16: 7
Completed lessons for user 8, course 16: 0
Calculated course progress for user 8, course 16: 0%
Updating enrollment: Array
(
    [user_id] => 8
    [course_id] => 16
    [enrollment_date] => 2025-04-04 07:14:47
    [status] => enrolled
    [progress] => 0
)

Enrollment updated successfully for user_id: 8, course_id: 16
Total lessons for course 16: 7
Completed lessons for user 8, course 16: 0
Calculated course progress for user 8, course 16: 0%
Updating enrollment: Array
(
    [user_id] => 8
    [course_id] => 16
    [enrollment_date] => 2025-04-04 07:15:02
    [status] => enrolled
    [progress] => 0
)

Enrollment updated successfully for user_id: 8, course_id: 16
Total lessons for course 16: 7
Completed lessons for user 8, course 16: 0
Calculated course progress for user 8, course 16: 0%
Updating enrollment: Array
(
    [user_id] => 8
    [course_id] => 16
    [enrollment_date] => 2025-04-04 07:15:02
    [status] => enrolled
    [progress] => 0
)

Enrollment updated successfully for user_id: 8, course_id: 16
Total lessons for course 16: 7
Completed lessons for user 8, course 16: 0
Calculated course progress for user 8, course 16: 0%
Updating enrollment: Array
(
    [user_id] => 8
    [course_id] => 16
    [enrollment_date] => 2025-04-04 07:15:15
    [status] => enrolled
    [progress] => 0
)

Enrollment updated successfully for user_id: 8, course_id: 16
Total lessons for course 16: 7
Completed lessons for user 8, course 16: 0
Calculated course progress for user 8, course 16: 0%
Updating enrollment: Array
(
    [user_id] => 8
    [course_id] => 16
    [enrollment_date] => 2025-04-04 07:15:34
    [status] => enrolled
    [progress] => 0
)

Enrollment updated successfully for user_id: 8, course_id: 16
Total lessons for course 16: 7
Completed lessons for user 8, course 16: 0
Calculated course progress for user 8, course 16: 0%
Updating enrollment: Array
(
    [user_id] => 8
    [course_id] => 16
    [enrollment_date] => 2025-04-04 07:15:46
    [status] => enrolled
    [progress] => 0
)

Enrollment updated successfully for user_id: 8, course_id: 16
Total lessons for course 16: 7
Completed lessons for user 8, course 16: 0
Calculated course progress for user 8, course 16: 0%
Updating enrollment: Array
(
    [user_id] => 8
    [course_id] => 16
    [enrollment_date] => 2025-04-04 07:15:46
    [status] => enrolled
    [progress] => 0
)

Enrollment updated successfully for user_id: 8, course_id: 16
Total lessons for course 16: 7
Completed lessons for user 8, course 16: 0
Calculated course progress for user 8, course 16: 0%
Updating enrollment: Array
(
    [user_id] => 8
    [course_id] => 16
    [enrollment_date] => 2025-04-04 07:16:04
    [status] => enrolled
    [progress] => 0
)

Enrollment updated successfully for user_id: 8, course_id: 16
Total lessons for course 16: 7
Completed lessons for user 8, course 16: 0
Calculated course progress for user 8, course 16: 0%
Updating enrollment: Array
(
    [user_id] => 8
    [course_id] => 16
    [enrollment_date] => 2025-04-04 07:16:33
    [status] => enrolled
    [progress] => 0
)

Enrollment updated successfully for user_id: 8, course_id: 16
Total lessons for course 16: 7
Completed lessons for user 8, course 16: 0
Calculated course progress for user 8, course 16: 0%
Updating enrollment: Array
(
    [user_id] => 8
    [course_id] => 16
    [enrollment_date] => 2025-04-04 07:17:00
    [status] => enrolled
    [progress] => 0
)

Enrollment updated successfully for user_id: 8, course_id: 16
Total lessons for course 16: 7
Completed lessons for user 8, course 16: 0
Calculated course progress for user 8, course 16: 0%
Updating enrollment: Array
(
    [user_id] => 8
    [course_id] => 16
    [enrollment_date] => 2025-04-04 07:17:03
    [status] => enrolled
    [progress] => 0
)

Enrollment updated successfully for user_id: 8, course_id: 16
Total lessons for course 16: 7
Completed lessons for user 8, course 16: 0
Calculated course progress for user 8, course 16: 0%
Updating enrollment: Array
(
    [user_id] => 8
    [course_id] => 16
    [enrollment_date] => 2025-04-04 07:17:57
    [status] => enrolled
    [progress] => 0
)

Enrollment updated successfully for user_id: 8, course_id: 16
Total lessons for course 16: 7
Completed lessons for user 8, course 16: 0
Calculated course progress for user 8, course 16: 0%
Updating enrollment: Array
(
    [user_id] => 8
    [course_id] => 16
    [enrollment_date] => 2025-04-04 07:18:23
    [status] => enrolled
    [progress] => 0
)

Enrollment updated successfully for user_id: 8, course_id: 16
Total lessons for course 16: 7
Completed lessons for user 8, course 16: 0
Calculated course progress for user 8, course 16: 0%
Updating enrollment: Array
(
    [user_id] => 8
    [course_id] => 16
    [enrollment_date] => 2025-04-04 07:18:39
    [status] => enrolled
    [progress] => 0
)

Enrollment updated successfully for user_id: 8, course_id: 16
Total lessons for course 16: 7
Completed lessons for user 8, course 16: 0
Calculated course progress for user 8, course 16: 0%
Updating enrollment: Array
(
    [user_id] => 8
    [course_id] => 16
    [enrollment_date] => 2025-04-04 07:20:17
    [status] => enrolled
    [progress] => 0
)

Enrollment updated successfully for user_id: 8, course_id: 16
Total lessons for course 16: 7
Completed lessons for user 8, course 16: 0
Calculated course progress for user 8, course 16: 0%
Updating enrollment: Array
(
    [user_id] => 8
    [course_id] => 16
    [enrollment_date] => 2025-04-04 07:20:24
    [status] => enrolled
    [progress] => 0
)

Enrollment updated successfully for user_id: 8, course_id: 16
Total lessons for course 16: 7
Completed lessons for user 8, course 16: 0
Calculated course progress for user 8, course 16: 0%
Updating enrollment: Array
(
    [user_id] => 8
    [course_id] => 16
    [enrollment_date] => 2025-04-04 07:20:40
    [status] => enrolled
    [progress] => 0
)

Enrollment updated successfully for user_id: 8, course_id: 16
Total lessons for course 16: 7
Completed lessons for user 8, course 16: 0
Calculated course progress for user 8, course 16: 0%
Updating enrollment: Array
(
    [user_id] => 8
    [course_id] => 16
    [enrollment_date] => 2025-04-04 07:20:52
    [status] => enrolled
    [progress] => 0
)

Enrollment updated successfully for user_id: 8, course_id: 16
Total lessons for course 16: 7
Completed lessons for user 8, course 16: 0
Calculated course progress for user 8, course 16: 0%
Updating enrollment: Array
(
    [user_id] => 8
    [course_id] => 16
    [enrollment_date] => 2025-04-04 07:21:04
    [status] => enrolled
    [progress] => 0
)

Enrollment updated successfully for user_id: 8, course_id: 16
Total lessons for course 16: 7
Completed lessons for user 8, course 16: 0
Calculated course progress for user 8, course 16: 0%
Updating enrollment: Array
(
    [user_id] => 8
    [course_id] => 16
    [enrollment_date] => 2025-04-04 07:21:08
    [status] => enrolled
    [progress] => 0
)

Enrollment updated successfully for user_id: 8, course_id: 16
Total lessons for course 16: 7
Completed lessons for user 8, course 16: 0
Calculated course progress for user 8, course 16: 0%
Updating enrollment: Array
(
    [user_id] => 8
    [course_id] => 16
    [enrollment_date] => 2025-04-04 07:21:26
    [status] => enrolled
    [progress] => 0
)

Enrollment updated successfully for user_id: 8, course_id: 16
Received data: Array
(
    [user_id] => 8
    [lesson_id] => 16
    [progress] => 100
    [completed] => 1
)

Received data: Array
(
    [user_id] => 8
    [lesson_id] => 16
    [progress] => 100
    [completed] => 1
)

Progress updated successfully for user_id: 8, lesson_id: 16
Progress updated successfully for user_id: 8, lesson_id: 16
Total lessons for course 16: 7
Completed lessons for user 8, course 16: 1
Calculated course progress for user 8, course 16: 14.285714285714%
Updating enrollment: Array
(
    [user_id] => 8
    [course_id] => 16
    [enrollment_date] => 2025-04-04 07:21:26
    [status] => in-progress
    [progress] => 14
)

Enrollment updated successfully for user_id: 8, course_id: 16
Total lessons for course 16: 7
Completed lessons for user 8, course 16: 1
Calculated course progress for user 8, course 16: 14.285714285714%
Updating enrollment: Array
(
    [user_id] => 8
    [course_id] => 16
    [enrollment_date] => 2025-04-04 07:22:31
    [status] => in-progress
    [progress] => 14
)

Enrollment updated successfully for user_id: 8, course_id: 16
Total lessons for course 16: 7
Completed lessons for user 8, course 16: 1
Calculated course progress for user 8, course 16: 14.285714285714%
Updating enrollment: Array
(
    [user_id] => 8
    [course_id] => 16
    [enrollment_date] => 2025-04-04 07:24:34
    [status] => in-progress
    [progress] => 14
)

Enrollment updated successfully for user_id: 8, course_id: 16
Total lessons for course 16: 7
Completed lessons for user 8, course 16: 1
Calculated course progress for user 8, course 16: 14.285714285714%
Updating enrollment: Array
(
    [user_id] => 8
    [course_id] => 16
    [enrollment_date] => 2025-04-04 07:24:45
    [status] => in-progress
    [progress] => 14
)

Enrollment updated successfully for user_id: 8, course_id: 16
Total lessons for course 16: 7
Completed lessons for user 8, course 16: 1
Calculated course progress for user 8, course 16: 14.285714285714%
Updating enrollment: Array
(
    [user_id] => 8
    [course_id] => 16
    [enrollment_date] => 2025-04-04 07:24:55
    [status] => in-progress
    [progress] => 14
)

Enrollment updated successfully for user_id: 8, course_id: 16
Total lessons for course 16: 7
Completed lessons for user 8, course 16: 1
Calculated course progress for user 8, course 16: 14.285714285714%
Updating enrollment: Array
(
    [user_id] => 8
    [course_id] => 16
    [enrollment_date] => 2025-04-04 07:25:43
    [status] => in-progress
    [progress] => 14
)

Enrollment updated successfully for user_id: 8, course_id: 16
Total lessons for course 16: 7
Completed lessons for user 8, course 16: 1
Calculated course progress for user 8, course 16: 14.285714285714%
Updating enrollment: Array
(
    [user_id] => 8
    [course_id] => 16
    [enrollment_date] => 2025-04-04 07:25:55
    [status] => in-progress
    [progress] => 14
)

Enrollment updated successfully for user_id: 8, course_id: 16
Total lessons for course 16: 7
Completed lessons for user 8, course 16: 1
Calculated course progress for user 8, course 16: 14.285714285714%
Updating enrollment: Array
(
    [user_id] => 8
    [course_id] => 16
    [enrollment_date] => 2025-04-04 07:26:02
    [status] => in-progress
    [progress] => 14
)

Enrollment updated successfully for user_id: 8, course_id: 16
Total lessons for course 16: 7
Completed lessons for user 8, course 16: 1
Calculated course progress for user 8, course 16: 14.285714285714%
Updating enrollment: Array
(
    [user_id] => 8
    [course_id] => 16
    [enrollment_date] => 2025-04-04 07:27:44
    [status] => in-progress
    [progress] => 14
)

Enrollment updated successfully for user_id: 8, course_id: 16
Total lessons for course 16: 7
Completed lessons for user 8, course 16: 1
Calculated course progress for user 8, course 16: 14.285714285714%
Updating enrollment: Array
(
    [user_id] => 8
    [course_id] => 16
    [enrollment_date] => 2025-04-04 07:29:37
    [status] => in-progress
    [progress] => 14
)

Enrollment updated successfully for user_id: 8, course_id: 16
Total lessons for course 16: 7
Completed lessons for user 8, course 16: 1
Calculated course progress for user 8, course 16: 14.285714285714%
Updating enrollment: Array
(
    [user_id] => 8
    [course_id] => 16
    [enrollment_date] => 2025-04-04 07:29:47
    [status] => in-progress
    [progress] => 14
)

Enrollment updated successfully for user_id: 8, course_id: 16
Total lessons for course 16: 7
Completed lessons for user 8, course 16: 1
Calculated course progress for user 8, course 16: 14.285714285714%
Updating enrollment: Array
(
    [user_id] => 8
    [course_id] => 16
    [enrollment_date] => 2025-04-04 07:30:27
    [status] => in-progress
    [progress] => 14
)

Enrollment updated successfully for user_id: 8, course_id: 16
Total lessons for course 16: 7
Completed lessons for user 8, course 16: 1
Calculated course progress for user 8, course 16: 14.285714285714%
Updating enrollment: Array
(
    [user_id] => 8
    [course_id] => 16
    [enrollment_date] => 2025-04-04 07:31:23
    [status] => in-progress
    [progress] => 14
)

Enrollment updated successfully for user_id: 8, course_id: 16
Total lessons for course 16: 7
Completed lessons for user 8, course 16: 1
Calculated course progress for user 8, course 16: 14.285714285714%
Updating enrollment: Array
(
    [user_id] => 8
    [course_id] => 16
    [enrollment_date] => 2025-04-04 07:31:44
    [status] => in-progress
    [progress] => 14
)

Enrollment updated successfully for user_id: 8, course_id: 16
Total lessons for course 16: 7
Completed lessons for user 8, course 16: 1
Calculated course progress for user 8, course 16: 14.285714285714%
Updating enrollment: Array
(
    [user_id] => 8
    [course_id] => 16
    [enrollment_date] => 2025-04-04 07:32:02
    [status] => in-progress
    [progress] => 14
)

Enrollment updated successfully for user_id: 8, course_id: 16
Total lessons for course 16: 7
Completed lessons for user 8, course 16: 1
Calculated course progress for user 8, course 16: 14.285714285714%
Updating enrollment: Array
(
    [user_id] => 8
    [course_id] => 16
    [enrollment_date] => 2025-04-04 07:32:14
    [status] => in-progress
    [progress] => 14
)

Enrollment updated successfully for user_id: 8, course_id: 16
Total lessons for course 16: 7
Completed lessons for user 8, course 16: 1
Calculated course progress for user 8, course 16: 14.285714285714%
Updating enrollment: Array
(
    [user_id] => 8
    [course_id] => 16
    [enrollment_date] => 2025-04-04 07:32:20
    [status] => in-progress
    [progress] => 14
)

Enrollment updated successfully for user_id: 8, course_id: 16
Total lessons for course 16: 7
Completed lessons for user 8, course 16: 1
Calculated course progress for user 8, course 16: 14.285714285714%
Updating enrollment: Array
(
    [user_id] => 8
    [course_id] => 16
    [enrollment_date] => 2025-04-04 07:32:32
    [status] => in-progress
    [progress] => 14
)

Enrollment updated successfully for user_id: 8, course_id: 16
Total lessons for course 16: 7
Completed lessons for user 8, course 16: 1
Calculated course progress for user 8, course 16: 14.285714285714%
Updating enrollment: Array
(
    [user_id] => 8
    [course_id] => 16
    [enrollment_date] => 2025-04-04 07:32:55
    [status] => in-progress
    [progress] => 14
)

Enrollment updated successfully for user_id: 8, course_id: 16
Total lessons for course 16: 7
Completed lessons for user 8, course 16: 1
Calculated course progress for user 8, course 16: 14.285714285714%
Updating enrollment: Array
(
    [user_id] => 8
    [course_id] => 16
    [enrollment_date] => 2025-04-04 07:33:06
    [status] => in-progress
    [progress] => 14
)

Enrollment updated successfully for user_id: 8, course_id: 16
Total lessons for course 16: 7
Completed lessons for user 8, course 16: 1
Calculated course progress for user 8, course 16: 14.285714285714%
Updating enrollment: Array
(
    [user_id] => 8
    [course_id] => 16
    [enrollment_date] => 2025-04-04 07:33:20
    [status] => in-progress
    [progress] => 14
)

Enrollment updated successfully for user_id: 8, course_id: 16
Total lessons for course 16: 7
Completed lessons for user 8, course 16: 1
Calculated course progress for user 8, course 16: 14.285714285714%
Updating enrollment: Array
(
    [user_id] => 8
    [course_id] => 16
    [enrollment_date] => 2025-04-04 07:33:30
    [status] => in-progress
    [progress] => 14
)

Enrollment updated successfully for user_id: 8, course_id: 16
Total lessons for course 16: 7
Completed lessons for user 8, course 16: 1
Calculated course progress for user 8, course 16: 14.285714285714%
Updating enrollment: Array
(
    [user_id] => 8
    [course_id] => 16
    [enrollment_date] => 2025-04-04 07:33:38
    [status] => in-progress
    [progress] => 14
)

Enrollment updated successfully for user_id: 8, course_id: 16
Total lessons for course 16: 7
Completed lessons for user 8, course 16: 1
Calculated course progress for user 8, course 16: 14.285714285714%
Updating enrollment: Array
(
    [user_id] => 8
    [course_id] => 16
    [enrollment_date] => 2025-04-04 07:33:48
    [status] => in-progress
    [progress] => 14
)

Enrollment updated successfully for user_id: 8, course_id: 16
Total lessons for course 16: 7
Completed lessons for user 8, course 16: 1
Calculated course progress for user 8, course 16: 14.285714285714%
Total lessons for course 16: 7
Completed lessons for user 8, course 16: 1
Calculated course progress for user 8, course 16: 14.285714285714%
Updating enrollment: Array
(
    [user_id] => 8
    [course_id] => 16
    [enrollment_date] => 2025-04-04 07:33:58
    [status] => in-progress
    [progress] => 14
)

Enrollment updated successfully for user_id: 8, course_id: 16
Total lessons for course 16: 7
Completed lessons for user 8, course 16: 1
Calculated course progress for user 8, course 16: 14.285714285714%
Updating enrollment: Array
(
    [user_id] => 8
    [course_id] => 16
    [enrollment_date] => 2025-04-04 07:34:12
    [status] => in-progress
    [progress] => 14
)

Enrollment updated successfully for user_id: 8, course_id: 16
Total lessons for course 16: 7
Completed lessons for user 8, course 16: 1
Calculated course progress for user 8, course 16: 14.285714285714%
Updating enrollment: Array
(
    [user_id] => 8
    [course_id] => 16
    [enrollment_date] => 2025-04-04 07:34:54
    [status] => in-progress
    [progress] => 14
)

Enrollment updated successfully for user_id: 8, course_id: 16
Total lessons for course 16: 7
Completed lessons for user 8, course 16: 1
Calculated course progress for user 8, course 16: 14.285714285714%
Updating enrollment: Array
(
    [user_id] => 8
    [course_id] => 16
    [enrollment_date] => 2025-04-04 07:35:03
    [status] => in-progress
    [progress] => 14
)

Enrollment updated successfully for user_id: 8, course_id: 16
Total lessons for course 16: 7
Completed lessons for user 8, course 16: 1
Calculated course progress for user 8, course 16: 14.285714285714%
Updating enrollment: Array
(
    [user_id] => 8
    [course_id] => 16
    [enrollment_date] => 2025-04-04 07:35:27
    [status] => in-progress
    [progress] => 14
)

Enrollment updated successfully for user_id: 8, course_id: 16
Total lessons for course 16: 7
Completed lessons for user 8, course 16: 1
Calculated course progress for user 8, course 16: 14.285714285714%
Updating enrollment: Array
(
    [user_id] => 8
    [course_id] => 16
    [enrollment_date] => 2025-04-04 07:36:40
    [status] => in-progress
    [progress] => 14
)

Enrollment updated successfully for user_id: 8, course_id: 16
Total lessons for course 16: 7
Completed lessons for user 8, course 16: 1
Calculated course progress for user 8, course 16: 14.285714285714%
Updating enrollment: Array
(
    [user_id] => 8
    [course_id] => 16
    [enrollment_date] => 2025-04-04 07:38:28
    [status] => in-progress
    [progress] => 14
)

Enrollment updated successfully for user_id: 8, course_id: 16
Total lessons for course 16: 7
Completed lessons for user 8, course 16: 1
Calculated course progress for user 8, course 16: 14.285714285714%
Updating enrollment: Array
(
    [user_id] => 8
    [course_id] => 16
    [enrollment_date] => 2025-04-04 07:38:40
    [status] => in-progress
    [progress] => 14
)

Enrollment updated successfully for user_id: 8, course_id: 16
Total lessons for course 16: 7
Completed lessons for user 8, course 16: 1
Calculated course progress for user 8, course 16: 14.285714285714%
Updating enrollment: Array
(
    [user_id] => 8
    [course_id] => 16
    [enrollment_date] => 2025-04-04 07:39:01
    [status] => in-progress
    [progress] => 14
)

Enrollment updated successfully for user_id: 8, course_id: 16
Total lessons for course 16: 7
Completed lessons for user 8, course 16: 1
Calculated course progress for user 8, course 16: 14.285714285714%
Updating enrollment: Array
(
    [user_id] => 8
    [course_id] => 16
    [enrollment_date] => 2025-04-04 07:39:23
    [status] => in-progress
    [progress] => 14
)

Enrollment updated successfully for user_id: 8, course_id: 16
Total lessons for course 16: 7
Completed lessons for user 8, course 16: 1
Calculated course progress for user 8, course 16: 14.285714285714%
Updating enrollment: Array
(
    [user_id] => 8
    [course_id] => 16
    [enrollment_date] => 2025-04-04 07:39:31
    [status] => in-progress
    [progress] => 14
)

Enrollment updated successfully for user_id: 8, course_id: 16
Total lessons for course 16: 7
Completed lessons for user 8, course 16: 1
Calculated course progress for user 8, course 16: 14.285714285714%
Updating enrollment: Array
(
    [user_id] => 8
    [course_id] => 16
    [enrollment_date] => 2025-04-04 07:39:37
    [status] => in-progress
    [progress] => 14
)

Enrollment updated successfully for user_id: 8, course_id: 16
Total lessons for course 16: 7
Completed lessons for user 8, course 16: 1
Calculated course progress for user 8, course 16: 14.285714285714%
Updating enrollment: Array
(
    [user_id] => 8
    [course_id] => 16
    [enrollment_date] => 2025-04-04 07:39:42
    [status] => in-progress
    [progress] => 14
)

Enrollment updated successfully for user_id: 8, course_id: 16
Total lessons for course 16: 7
Completed lessons for user 8, course 16: 1
Calculated course progress for user 8, course 16: 14.285714285714%
Updating enrollment: Array
(
    [user_id] => 8
    [course_id] => 16
    [enrollment_date] => 2025-04-04 07:39:51
    [status] => in-progress
    [progress] => 14
)

Enrollment updated successfully for user_id: 8, course_id: 16
Total lessons for course 16: 7
Completed lessons for user 8, course 16: 1
Calculated course progress for user 8, course 16: 14.285714285714%
Updating enrollment: Array
(
    [user_id] => 8
    [course_id] => 16
    [enrollment_date] => 2025-04-04 07:40:04
    [status] => in-progress
    [progress] => 14
)

Enrollment updated successfully for user_id: 8, course_id: 16
Total lessons for course 16: 7
Completed lessons for user 8, course 16: 1
Calculated course progress for user 8, course 16: 14.285714285714%
Updating enrollment: Array
(
    [user_id] => 8
    [course_id] => 16
    [enrollment_date] => 2025-04-04 07:40:14
    [status] => in-progress
    [progress] => 14
)

Enrollment updated successfully for user_id: 8, course_id: 16
Total lessons for course 16: 7
Completed lessons for user 8, course 16: 1
Calculated course progress for user 8, course 16: 14.285714285714%
Updating enrollment: Array
(
    [user_id] => 8
    [course_id] => 16
    [enrollment_date] => 2025-04-04 07:40:24
    [status] => in-progress
    [progress] => 14
)

Enrollment updated successfully for user_id: 8, course_id: 16
Total lessons for course 16: 7
Completed lessons for user 8, course 16: 1
Calculated course progress for user 8, course 16: 14.285714285714%
Updating enrollment: Array
(
    [user_id] => 8
    [course_id] => 16
    [enrollment_date] => 2025-04-04 07:40:38
    [status] => in-progress
    [progress] => 14
)

Enrollment updated successfully for user_id: 8, course_id: 16
Total lessons for course 16: 7
Completed lessons for user 8, course 16: 1
Calculated course progress for user 8, course 16: 14.285714285714%
Updating enrollment: Array
(
    [user_id] => 8
    [course_id] => 16
    [enrollment_date] => 2025-04-04 07:40:44
    [status] => in-progress
    [progress] => 14
)

Enrollment updated successfully for user_id: 8, course_id: 16
Total lessons for course 16: 7
Completed lessons for user 8, course 16: 1
Calculated course progress for user 8, course 16: 14.285714285714%
Updating enrollment: Array
(
    [user_id] => 8
    [course_id] => 16
    [enrollment_date] => 2025-04-04 07:40:52
    [status] => in-progress
    [progress] => 14
)

Enrollment updated successfully for user_id: 8, course_id: 16
Total lessons for course 16: 7
Completed lessons for user 8, course 16: 1
Calculated course progress for user 8, course 16: 14.285714285714%
Updating enrollment: Array
(
    [user_id] => 8
    [course_id] => 16
    [enrollment_date] => 2025-04-04 07:42:38
    [status] => in-progress
    [progress] => 14
)

Enrollment updated successfully for user_id: 8, course_id: 16
Total lessons for course 16: 7
Completed lessons for user 8, course 16: 1
Calculated course progress for user 8, course 16: 14.285714285714%
Updating enrollment: Array
(
    [user_id] => 8
    [course_id] => 16
    [enrollment_date] => 2025-04-04 07:42:43
    [status] => in-progress
    [progress] => 14
)

Enrollment updated successfully for user_id: 8, course_id: 16
Total lessons for course 16: 7
Completed lessons for user 8, course 16: 1
Calculated course progress for user 8, course 16: 14.285714285714%
Updating enrollment: Array
(
    [user_id] => 8
    [course_id] => 16
    [enrollment_date] => 2025-04-04 07:44:05
    [status] => in-progress
    [progress] => 14
)

Enrollment updated successfully for user_id: 8, course_id: 16
Total lessons for course 16: 7
Completed lessons for user 8, course 16: 1
Calculated course progress for user 8, course 16: 14.285714285714%
Updating enrollment: Array
(
    [user_id] => 8
    [course_id] => 16
    [enrollment_date] => 2025-04-04 07:46:21
    [status] => in-progress
    [progress] => 14
)

Enrollment updated successfully for user_id: 8, course_id: 16
Total lessons for course 16: 7
Completed lessons for user 8, course 16: 1
Calculated course progress for user 8, course 16: 14.285714285714%
Updating enrollment: Array
(
    [user_id] => 8
    [course_id] => 16
    [enrollment_date] => 2025-04-04 07:47:46
    [status] => in-progress
    [progress] => 14
)

Enrollment updated successfully for user_id: 8, course_id: 16
Total lessons for course 16: 7
Completed lessons for user 8, course 16: 1
Calculated course progress for user 8, course 16: 14.285714285714%
Updating enrollment: Array
(
    [user_id] => 8
    [course_id] => 16
    [enrollment_date] => 2025-04-04 07:49:15
    [status] => in-progress
    [progress] => 14
)

Enrollment updated successfully for user_id: 8, course_id: 16
Total lessons for course 16: 7
Completed lessons for user 8, course 16: 1
Calculated course progress for user 8, course 16: 14.285714285714%
Updating enrollment: Array
(
    [user_id] => 8
    [course_id] => 16
    [enrollment_date] => 2025-04-04 07:49:35
    [status] => in-progress
    [progress] => 14
)

Enrollment updated successfully for user_id: 8, course_id: 16
Total lessons for course 16: 7
Completed lessons for user 8, course 16: 1
Calculated course progress for user 8, course 16: 14.285714285714%
Updating enrollment: Array
(
    [user_id] => 8
    [course_id] => 16
    [enrollment_date] => 2025-04-04 07:51:23
    [status] => in-progress
    [progress] => 14
)

Enrollment updated successfully for user_id: 8, course_id: 16
Total lessons for course 16: 7
Completed lessons for user 8, course 16: 1
Calculated course progress for user 8, course 16: 14.285714285714%
Updating enrollment: Array
(
    [user_id] => 8
    [course_id] => 16
    [enrollment_date] => 2025-04-04 07:52:04
    [status] => in-progress
    [progress] => 14
)

Enrollment updated successfully for user_id: 8, course_id: 16
Total lessons for course 16: 7
Completed lessons for user 8, course 16: 1
Calculated course progress for user 8, course 16: 14.285714285714%
Updating enrollment: Array
(
    [user_id] => 8
    [course_id] => 16
    [enrollment_date] => 2025-04-04 07:54:26
    [status] => in-progress
    [progress] => 14
)

Enrollment updated successfully for user_id: 8, course_id: 16
Total lessons for course 16: 7
Completed lessons for user 8, course 16: 1
Calculated course progress for user 8, course 16: 14.285714285714%
Updating enrollment: Array
(
    [user_id] => 8
    [course_id] => 16
    [enrollment_date] => 2025-04-04 07:55:17
    [status] => in-progress
    [progress] => 14
)

Enrollment updated successfully for user_id: 8, course_id: 16
Total lessons for course 16: 7
Completed lessons for user 8, course 16: 1
Calculated course progress for user 8, course 16: 14.285714285714%
Updating enrollment: Array
(
    [user_id] => 8
    [course_id] => 16
    [enrollment_date] => 2025-04-04 07:55:32
    [status] => in-progress
    [progress] => 14
)

Enrollment updated successfully for user_id: 8, course_id: 16

Total lessons for course 16: 7
Completed lessons for user 8, course 16: 1
Calculated course progress for user 8, course 16: 14.285714285714%
Total lessons for course 16: 7
Completed lessons for user 8, course 16: 1
Calculated course progress for user 8, course 16: 14.285714285714%
Total lessons for course 5: 15
Completed lessons for user 7, course 5: 1
Calculated course progress for user 7, course 5: 6.6666666666667%
Updating enrollment: Array
(
    [user_id] => 7
    [course_id] => 5
    [enrollment_date] => 2025-04-08 02:23:14
    [status] => in-progress
    [progress] => 7
)

Enrollment updated successfully for user_id: 7, course_id: 5
Total lessons for course 5: 15
Completed lessons for user 7, course 5: 1
Calculated course progress for user 7, course 5: 6.6666666666667%
Updating enrollment: Array
(
    [user_id] => 7
    [course_id] => 5
    [enrollment_date] => 2025-04-08 02:23:14
    [status] => in-progress
    [progress] => 7
)

Enrollment updated successfully for user_id: 7, course_id: 5
=======
Total lessons for course 5: 15
Completed lessons for user 2, course 5: 8
Calculated course progress for user 2, course 5: 53.333333333333%
Updating enrollment: Array
(
    [user_id] => 2
    [course_id] => 5
    [enrollment_date] => 2025-04-04 15:49:21
    [status] => in-progress
    [progress] => 53
)

Enrollment updated successfully for user_id: 2, course_id: 5
Total lessons for course 5: 15
Completed lessons for user 2, course 5: 8
Calculated course progress for user 2, course 5: 53.333333333333%
Updating enrollment: Array
(
    [user_id] => 2
    [course_id] => 5
    [enrollment_date] => 2025-04-04 15:51:30
    [status] => in-progress
    [progress] => 53
)

Enrollment updated successfully for user_id: 2, course_id: 5
Total lessons for course 5: 15
Completed lessons for user 2, course 5: 8
Calculated course progress for user 2, course 5: 53.333333333333%
Updating enrollment: Array
(
    [user_id] => 2
    [course_id] => 5
    [enrollment_date] => 2025-04-04 15:52:09
    [status] => in-progress
    [progress] => 53
)

Enrollment updated successfully for user_id: 2, course_id: 5
Received data: Array
(
    [user_id] => 2
    [lesson_id] => 8
    [progress] => 100
    [completed] => 1
)

Received data: Array
(
    [user_id] => 2
    [lesson_id] => 8
    [progress] => 100
    [completed] => 1
)

Progress updated successfully for user_id: 2, lesson_id: 8
Progress updated successfully for user_id: 2, lesson_id: 8
Total lessons for course 5: 15
Completed lessons for user 2, course 5: 8
Calculated course progress for user 2, course 5: 53.333333333333%
Updating enrollment: Array
(
    [user_id] => 2
    [course_id] => 5
    [enrollment_date] => 2025-04-04 15:52:09
    [status] => in-progress
    [progress] => 53
)

Enrollment updated successfully for user_id: 2, course_id: 5
Received data: Array
(
    [user_id] => 2
    [lesson_id] => 9
    [progress] => 100
    [completed] => 1
)

Received data: Array
(
    [user_id] => 2
    [lesson_id] => 9
    [progress] => 100
    [completed] => 1
)

Progress updated successfully for user_id: 2, lesson_id: 9
Progress updated successfully for user_id: 2, lesson_id: 9
Total lessons for course 5: 15
Completed lessons for user 2, course 5: 9
Calculated course progress for user 2, course 5: 60%
Updating enrollment: Array
(
    [user_id] => 2
    [course_id] => 5
    [enrollment_date] => 2025-04-04 15:52:09
    [status] => in-progress
    [progress] => 60
)

Enrollment updated successfully for user_id: 2, course_id: 5
Total lessons for course 5: 15
Completed lessons for user 2, course 5: 9
Calculated course progress for user 2, course 5: 60%
Updating enrollment: Array
(
    [user_id] => 2
    [course_id] => 5
    [enrollment_date] => 2025-04-04 15:52:52
    [status] => in-progress
    [progress] => 60
)

Enrollment updated successfully for user_id: 2, course_id: 5
Total lessons for course 5: 15
Completed lessons for user 2, course 5: 9
Calculated course progress for user 2, course 5: 60%
Updating enrollment: Array
(
    [user_id] => 2
    [course_id] => 5
    [enrollment_date] => 2025-04-04 15:53:00
    [status] => in-progress
    [progress] => 60
)

Enrollment updated successfully for user_id: 2, course_id: 5
Total lessons for course 5: 15
Completed lessons for user 2, course 5: 9
Calculated course progress for user 2, course 5: 60%
Updating enrollment: Array
(
    [user_id] => 2
    [course_id] => 5
    [enrollment_date] => 2025-04-04 15:53:09
    [status] => in-progress
    [progress] => 60
)

Enrollment updated successfully for user_id: 2, course_id: 5
Total lessons for course 5: 15
Completed lessons for user 2, course 5: 9
Calculated course progress for user 2, course 5: 60%
Updating enrollment: Array
(
    [user_id] => 2
    [course_id] => 5
    [enrollment_date] => 2025-04-04 15:53:15
    [status] => in-progress
    [progress] => 60
)

Enrollment updated successfully for user_id: 2, course_id: 5
Total lessons for course 5: 15
Completed lessons for user 2, course 5: 9
Calculated course progress for user 2, course 5: 60%
Updating enrollment: Array
(
    [user_id] => 2
    [course_id] => 5
    [enrollment_date] => 2025-04-04 15:54:03
    [status] => in-progress
    [progress] => 60
)

Enrollment updated successfully for user_id: 2, course_id: 5
Total lessons for course 5: 15
Completed lessons for user 2, course 5: 9
Calculated course progress for user 2, course 5: 60%
Updating enrollment: Array
(
    [user_id] => 2
    [course_id] => 5
    [enrollment_date] => 2025-04-04 15:54:10
    [status] => in-progress
    [progress] => 60
)

Enrollment updated successfully for user_id: 2, course_id: 5
Total lessons for course 5: 15
Completed lessons for user 2, course 5: 9
Calculated course progress for user 2, course 5: 60%
Updating enrollment: Array
(
    [user_id] => 2
    [course_id] => 5
    [enrollment_date] => 2025-04-04 15:54:16
    [status] => in-progress
    [progress] => 60
)

Enrollment updated successfully for user_id: 2, course_id: 5
Total lessons for course 5: 15
Completed lessons for user 2, course 5: 9
Calculated course progress for user 2, course 5: 60%
Updating enrollment: Array
(
    [user_id] => 2
    [course_id] => 5
    [enrollment_date] => 2025-04-04 15:54:23
    [status] => in-progress
    [progress] => 60
)

Enrollment updated successfully for user_id: 2, course_id: 5
Total lessons for course 5: 15
Completed lessons for user 2, course 5: 9
Calculated course progress for user 2, course 5: 60%
Updating enrollment: Array
(
    [user_id] => 2
    [course_id] => 5
    [enrollment_date] => 2025-04-04 15:54:30
    [status] => in-progress
    [progress] => 60
)

Enrollment updated successfully for user_id: 2, course_id: 5
Total lessons for course 5: 15
Completed lessons for user 2, course 5: 9
Calculated course progress for user 2, course 5: 60%
Updating enrollment: Array
(
    [user_id] => 2
    [course_id] => 5
    [enrollment_date] => 2025-04-04 16:06:23
    [status] => in-progress
    [progress] => 60
)

Enrollment updated successfully for user_id: 2, course_id: 5
Total lessons for course 16: 7
Completed lessons for user 7, course 16: 0
Calculated course progress for user 7, course 16: 0%
Updating enrollment: Array
(
    [user_id] => 7
    [course_id] => 16
    [enrollment_date] => 2025-04-04 16:22:33
    [status] => enrolled
    [progress] => 0
)

Enrollment updated successfully for user_id: 7, course_id: 16
Total lessons for course 16: 7
Completed lessons for user 7, course 16: 0
Calculated course progress for user 7, course 16: 0%
Updating enrollment: Array
(
    [user_id] => 7
    [course_id] => 16
    [enrollment_date] => 2025-04-04 16:22:33
    [status] => enrolled
    [progress] => 0
)

Enrollment updated successfully for user_id: 7, course_id: 16
Total lessons for course 16: 7
Completed lessons for user 2, course 16: 0
Calculated course progress for user 2, course 16: 0%
Updating enrollment: Array
(
    [user_id] => 2
    [course_id] => 16
    [enrollment_date] => 2025-04-04 16:35:51
    [status] => enrolled
    [progress] => 0
)

Enrollment updated successfully for user_id: 2, course_id: 16
Total lessons for course 16: 7
Completed lessons for user 2, course 16: 0
Calculated course progress for user 2, course 16: 0%
Updating enrollment: Array
(
    [user_id] => 2
    [course_id] => 16
    [enrollment_date] => 2025-04-04 16:35:51
    [status] => enrolled
    [progress] => 0
)

Enrollment updated successfully for user_id: 2, course_id: 16
Total lessons for course 16: 7
Completed lessons for user 2, course 16: 0
Calculated course progress for user 2, course 16: 0%
Updating enrollment: Array
(
    [user_id] => 2
    [course_id] => 16
    [enrollment_date] => 2025-04-04 16:36:17
    [status] => enrolled
    [progress] => 0
)

Enrollment updated successfully for user_id: 2, course_id: 16
Received data: Array
(
    [user_id] => 2
    [lesson_id] => 16
    [progress] => 6.5264760337907
    [completed] => 
)

Received data: Array
(
    [user_id] => 2
    [lesson_id] => 16
    [progress] => 6.5264760337907
    [completed] => 
)

Progress updated successfully for user_id: 2, lesson_id: 16
Progress updated successfully for user_id: 2, lesson_id: 16
Received data: Array
(
    [user_id] => 2
    [lesson_id] => 16
    [progress] => 13.538296801177
    [completed] => 
)

Received data: Array
(
    [user_id] => 2
    [lesson_id] => 16
    [progress] => 13.538296801177
    [completed] => 
)

Progress updated successfully for user_id: 2, lesson_id: 16
Progress updated successfully for user_id: 2, lesson_id: 16
Received data: Array
(
    [user_id] => 2
    [lesson_id] => 16
    [progress] => 48.275171655637
    [completed] => 
)

Received data: Array
(
    [user_id] => 2
    [lesson_id] => 16
    [progress] => 48.275171655637
    [completed] => 
)

Progress updated successfully for user_id: 2, lesson_id: 16
Progress updated successfully for user_id: 2, lesson_id: 16
Total lessons for course 16: 7
Completed lessons for user 2, course 16: 0
Calculated course progress for user 2, course 16: 0%
Updating enrollment: Array
(
    [user_id] => 2
    [course_id] => 16
    [enrollment_date] => 2025-04-04 16:37:40
    [status] => enrolled
    [progress] => 0
)

Enrollment updated successfully for user_id: 2, course_id: 16
Total lessons for course 5: 15
Completed lessons for user 5, course 5: 0
Calculated course progress for user 5, course 5: 0%
Updating enrollment: Array
(
    [user_id] => 5
    [course_id] => 5
    [enrollment_date] => 2025-04-05 06:06:08
    [status] => enrolled
    [progress] => 0
)

Enrollment updated successfully for user_id: 5, course_id: 5
Total lessons for course 5: 15
Completed lessons for user 5, course 5: 0
Calculated course progress for user 5, course 5: 0%
Updating enrollment: Array
(
    [user_id] => 5
    [course_id] => 5
    [enrollment_date] => 2025-04-05 06:06:08
    [status] => enrolled
    [progress] => 0
)

Enrollment updated successfully for user_id: 5, course_id: 5
Total lessons for course 5: 15
Completed lessons for user 5, course 5: 0
Calculated course progress for user 5, course 5: 0%
Updating enrollment: Array
(
    [user_id] => 5
    [course_id] => 5
    [enrollment_date] => 2025-04-05 06:06:37
    [status] => enrolled
    [progress] => 0
)

Enrollment updated successfully for user_id: 5, course_id: 5
Total lessons for course 5: 15
Completed lessons for user 5, course 5: 0
Calculated course progress for user 5, course 5: 0%
Updating enrollment: Array
(
    [user_id] => 5
    [course_id] => 5
    [enrollment_date] => 2025-04-05 06:06:53
    [status] => enrolled
    [progress] => 0
)

Enrollment updated successfully for user_id: 5, course_id: 5
Total lessons for course 5: 15
Completed lessons for user 5, course 5: 0
Calculated course progress for user 5, course 5: 0%
Updating enrollment: Array
(
    [user_id] => 5
    [course_id] => 5
    [enrollment_date] => 2025-04-05 06:07:37
    [status] => enrolled
    [progress] => 0
)

Enrollment updated successfully for user_id: 5, course_id: 5
Total lessons for course 5: 15
Completed lessons for user 5, course 5: 0
Calculated course progress for user 5, course 5: 0%
Updating enrollment: Array
(
    [user_id] => 5
    [course_id] => 5
    [enrollment_date] => 2025-04-05 06:12:36
    [status] => enrolled
    [progress] => 0
)

Enrollment updated successfully for user_id: 5, course_id: 5
Total lessons for course 5: 15
Completed lessons for user 5, course 5: 0
Calculated course progress for user 5, course 5: 0%
Updating enrollment: Array
(
    [user_id] => 5
    [course_id] => 5
    [enrollment_date] => 2025-04-05 06:13:01
    [status] => enrolled
    [progress] => 0
)

Enrollment updated successfully for user_id: 5, course_id: 5
Total lessons for course 5: 15
Completed lessons for user 5, course 5: 0
Calculated course progress for user 5, course 5: 0%
Updating enrollment: Array
(
    [user_id] => 5
    [course_id] => 5
    [enrollment_date] => 2025-04-05 06:13:48
    [status] => enrolled
    [progress] => 0
)

Enrollment updated successfully for user_id: 5, course_id: 5
Total lessons for course 5: 15
Completed lessons for user 5, course 5: 0
Calculated course progress for user 5, course 5: 0%
Updating enrollment: Array
(
    [user_id] => 5
    [course_id] => 5
    [enrollment_date] => 2025-04-05 06:14:32
    [status] => enrolled
    [progress] => 0
)

Enrollment updated successfully for user_id: 5, course_id: 5
Total lessons for course 5: 15
Completed lessons for user 5, course 5: 0
Calculated course progress for user 5, course 5: 0%
Updating enrollment: Array
(
    [user_id] => 5
    [course_id] => 5
    [enrollment_date] => 2025-04-05 06:14:36
    [status] => enrolled
    [progress] => 0
)

Enrollment updated successfully for user_id: 5, course_id: 5
Total lessons for course 5: 15
Completed lessons for user 5, course 5: 0
Calculated course progress for user 5, course 5: 0%
Updating enrollment: Array
(
    [user_id] => 5
    [course_id] => 5
    [enrollment_date] => 2025-04-05 06:15:37
    [status] => enrolled
    [progress] => 0
)

Enrollment updated successfully for user_id: 5, course_id: 5
Total lessons for course 5: 15
Completed lessons for user 5, course 5: 0
Calculated course progress for user 5, course 5: 0%
Updating enrollment: Array
(
    [user_id] => 5
    [course_id] => 5
    [enrollment_date] => 2025-04-05 06:15:51
    [status] => enrolled
    [progress] => 0
)

Enrollment updated successfully for user_id: 5, course_id: 5
Total lessons for course 5: 15
Completed lessons for user 5, course 5: 0
Calculated course progress for user 5, course 5: 0%
Updating enrollment: Array
(
    [user_id] => 5
    [course_id] => 5
    [enrollment_date] => 2025-04-05 06:16:13
    [status] => enrolled
    [progress] => 0
)

Enrollment updated successfully for user_id: 5, course_id: 5
Total lessons for course 5: 15
Completed lessons for user 2, course 5: 9
Calculated course progress for user 2, course 5: 60%
Updating enrollment: Array
(
    [user_id] => 2
    [course_id] => 5
    [enrollment_date] => 2025-04-05 06:19:24
    [status] => in-progress
    [progress] => 60
)

Enrollment updated successfully for user_id: 2, course_id: 5
Total lessons for course 5: 15
Completed lessons for user 4, course 5: 14
Calculated course progress for user 4, course 5: 93.333333333333%
Updating enrollment: Array
(
    [user_id] => 4
    [course_id] => 5
    [enrollment_date] => 2025-04-05 06:19:44
    [status] => in-progress
    [progress] => 93
)

Enrollment updated successfully for user_id: 4, course_id: 5
Total lessons for course 5: 15
Completed lessons for user 2, course 5: 9
Calculated course progress for user 2, course 5: 60%
Updating enrollment: Array
(
    [user_id] => 2
    [course_id] => 5
    [enrollment_date] => 2025-04-07 16:06:13
    [status] => in-progress
    [progress] => 60
)

Enrollment updated successfully for user_id: 2, course_id: 5
Total lessons for course 5: 15
Completed lessons for user 2, course 5: 9
Calculated course progress for user 2, course 5: 60%
Updating enrollment: Array
(
    [user_id] => 2
    [course_id] => 5
    [enrollment_date] => 2025-04-07 16:06:28
    [status] => in-progress
    [progress] => 60
)

Enrollment updated successfully for user_id: 2, course_id: 5
Total lessons for course 5: 15
Completed lessons for user 2, course 5: 9
Calculated course progress for user 2, course 5: 60%
Updating enrollment: Array
(
    [user_id] => 2
    [course_id] => 5
    [enrollment_date] => 2025-04-07 16:08:15
    [status] => in-progress
    [progress] => 60
)

Enrollment updated successfully for user_id: 2, course_id: 5
Total lessons for course 5: 15
Completed lessons for user 2, course 5: 9
Calculated course progress for user 2, course 5: 60%
Updating enrollment: Array
(
    [user_id] => 2
    [course_id] => 5
    [enrollment_date] => 2025-04-07 16:09:12
    [status] => in-progress
    [progress] => 60
)

Enrollment updated successfully for user_id: 2, course_id: 5
Total lessons for course 5: 15
Completed lessons for user 2, course 5: 9
Calculated course progress for user 2, course 5: 60%
Updating enrollment: Array
(
    [user_id] => 2
    [course_id] => 5
    [enrollment_date] => 2025-04-07 16:10:45
    [status] => in-progress
    [progress] => 60
)

Enrollment updated successfully for user_id: 2, course_id: 5

Total lessons for course 5: 15
Completed lessons for user 8, course 5: 0
Calculated course progress for user 8, course 5: 0%
Updating enrollment: Array
(
    [user_id] => 8
    [course_id] => 5
    [enrollment_date] => 2025-04-09 14:18:13
    [status] => enrolled
    [progress] => 0
)

Enrollment updated successfully for user_id: 8, course_id: 5
Total lessons for course 5: 15
Completed lessons for user 8, course 5: 0
Calculated course progress for user 8, course 5: 0%
Updating enrollment: Array
(
    [user_id] => 8
    [course_id] => 5
    [enrollment_date] => 2025-04-09 14:18:13
    [status] => enrolled
    [progress] => 0
)

Enrollment updated successfully for user_id: 8, course_id: 5
Total lessons for course 5: 15
Completed lessons for user 8, course 5: 0
Calculated course progress for user 8, course 5: 0%
Updating enrollment: Array
(
    [user_id] => 8
    [course_id] => 5
    [enrollment_date] => 2025-04-09 14:18:50
    [status] => enrolled
    [progress] => 0
)

Enrollment updated successfully for user_id: 8, course_id: 5
Total lessons for course 5: 15
Completed lessons for user 8, course 5: 0
Calculated course progress for user 8, course 5: 0%
Updating enrollment: Array
(
    [user_id] => 8
    [course_id] => 5
    [enrollment_date] => 2025-04-09 14:21:18
    [status] => enrolled
    [progress] => 0
)

Enrollment updated successfully for user_id: 8, course_id: 5
Total lessons for course 5: 15
Completed lessons for user 2, course 5: 9
Calculated course progress for user 2, course 5: 60%
Updating enrollment: Array
(
    [user_id] => 2
    [course_id] => 5
    [enrollment_date] => 2025-04-09 14:27:26
    [status] => in-progress
    [progress] => 60
)

Enrollment updated successfully for user_id: 2, course_id: 5
Total lessons for course 5: 15
Completed lessons for user 2, course 5: 9
Calculated course progress for user 2, course 5: 60%
Updating enrollment: Array
(
    [user_id] => 2
    [course_id] => 5
    [enrollment_date] => 2025-04-09 14:27:33
    [status] => in-progress
    [progress] => 60
)

Enrollment updated successfully for user_id: 2, course_id: 5
Total lessons for course 5: 15
Completed lessons for user 2, course 5: 9
Calculated course progress for user 2, course 5: 60%
Updating enrollment: Array
(
    [user_id] => 2
    [course_id] => 5
    [enrollment_date] => 2025-04-09 15:46:54
    [status] => in-progress
    [progress] => 60
)

Enrollment updated successfully for user_id: 2, course_id: 5
Total lessons for course 5: 15
Completed lessons for user 2, course 5: 9
Calculated course progress for user 2, course 5: 60%
Updating enrollment: Array
(
    [user_id] => 2
    [course_id] => 5
    [enrollment_date] => 2025-04-09 15:47:37
    [status] => in-progress
    [progress] => 60
)

Enrollment updated successfully for user_id: 2, course_id: 5
Total lessons for course 5: 15
Completed lessons for user 2, course 5: 9
Calculated course progress for user 2, course 5: 60%
Updating enrollment: Array
(
    [user_id] => 2
    [course_id] => 5
    [enrollment_date] => 2025-04-09 15:48:42
    [status] => in-progress
    [progress] => 60
)

Enrollment updated successfully for user_id: 2, course_id: 5
Total lessons for course 5: 15
Completed lessons for user 2, course 5: 9
Calculated course progress for user 2, course 5: 60%
Updating enrollment: Array
(
    [user_id] => 2
    [course_id] => 5
    [enrollment_date] => 2025-04-09 15:48:57
    [status] => in-progress
    [progress] => 60
)

Enrollment updated successfully for user_id: 2, course_id: 5
Total lessons for course 5: 15
Completed lessons for user 2, course 5: 9
Calculated course progress for user 2, course 5: 60%
Updating enrollment: Array
(
    [user_id] => 2
    [course_id] => 5
    [enrollment_date] => 2025-04-09 15:51:33
    [status] => in-progress
    [progress] => 60
)

Enrollment updated successfully for user_id: 2, course_id: 5
